// Jest Snapshot v1, https://goo.gl/fbAQLP

exports[`resolve transforms correctly using "resolve-0" data 1`] = `
"module.exports = {
    entry: 'index.js',

    output: {
		filename: 'bundle.js'
	},

    resolve: {
        alias: {
            {{#if_eq build 'standalone'}},
            hello: 'world',
            {{/if_eq}},
            world: hello
        },

        aliasFields: ['browser', wars],
        descriptionFiles: ['a', b],
        enforceExtension: false,
        enforceModuleExtension: false,
        extensions: [hey, 'ho'],
        mainFields: [main, 'story'],
        mainFiles: ['noMainFileHere', iGuess],
        modules: [one, 'two'],
        unsafeCache: false,

        resolveLoader: {
            modules: ['node_modules', mode_nodules],
            extensions: [jsVal, '.json'],
            mainFields: [loader, 'main'],
            moduleExtensions: ['-loader', value]
        },

        plugins: [somePlugin, 'stringVal'],
        symlinks: true
    }
}
"
`;

exports[`resolve transforms correctly using "resolve-1" data 1`] = `
"module.exports = {
	entry: 'index.js',
	output: {
		filename: 'bundle.js'
	},
	resolve: {
        alias: {
            inject: {{#isdf_eq buildasda 'staasdndalone'}},
            hello: \\"'world'\\",
            inject_1: {{/asd}},
            world: \\"hello\\",
            hello: 'worlasdd',
            world: asdc
        },

        aliasFields: [\\"'browser'\\", \\"wars\\", 'browser', wars, 'as'],
        descriptionFiles: [\\"'a'\\", \\"b\\", \\"'c'\\", 'a', b, 'c', 'd', e, f],
        enforceExtension: false,
        enforceModuleExtension: false,
        extensions: [\\"hey\\", \\"ho\\", hey, ho, ok, 'ho'],
        mainFields: [\\"main\\", \\"'story'\\", main, 'story', ok, main, 'story', no, 'main'],
        mainFiles: [\\"'noMainFileHere'\\", \\"iGuess\\", 'noMainFileHere', iGuess, niGuess],
        modules: [\\"one\\", \\"'two'\\", one, 'two', 'ok', mode_nodules],
        unsafeCache: false,

        resolveLoader: {
			modules: [\\"'node_modules'\\", \\"mode_nodules\\", 'node_modules', mode_nodules, 'ok'],
			extensions: [\\"jsVal\\", \\"'.json'\\", jsVal, '.json', ok, 'ho'],
			mainFields: [\\"loader\\", \\"'main'\\", loader, 'main', ok, 'story', loader, 'main', no],
			moduleExtensions: [\\"'-loader'\\", \\"value\\", '-loader', value, '-kn', ok]
		},

        plugins: [\\"somePlugin\\", \\"'stringVal'\\", somePlugin, 'stringVal'],
        symlinks: true,
        enforceExtension: true,
        symlinks: false
    }
}
"
`;
