// Jest Snapshot v1, https://goo.gl/fbAQLP

exports[`multi-file 1`] = `
"  [1mAsset[39m[22m        [1mSize[39m[22m  [1mChunks[39m[22m  [1m[39m[22m           [1m[39m[22m[1mChunk Names[39m[22m
[1m[32mnull.js[39m[22m  1020 bytes       [1m0[39m[22m  [1m[32m[emitted][39m[22m  null
Entrypoint [1mnull[39m[22m = [1m[32mnull.js[39m[22m
[0] [1mmulti ./index.js ./a.js[39m[22m 40 bytes {[1m[33m0[39m[22m}[1m[32m [built][39m[22m
[1] [1m./index.js[39m[22m 26 bytes {[1m[33m0[39m[22m}[1m[32m [built][39m[22m
[2] [1m./a.js[39m[22m 26 bytes {[1m[33m0[39m[22m}[1m[32m [built][39m[22m

[1m[33mWARNING in configuration
The 'mode' option has not been set, webpack will fallback to 'production' for this value. Set 'mode' option to 'development' or 'production' to enable defaults for each environment.
You can also set it to 'none' to disable any default behavior. Learn more: https://webpack.js.org/concepts/mode/[39m[22m"
`;
