// Jest Snapshot v1, https://goo.gl/fbAQLP

exports[`display-entrypoints 1`] = `
"  [1mAsset[39m[22m       [1mSize[39m[22m  [1mChunks[39m[22m  [1m[39m[22m           [1m[39m[22m[1mChunk Names[39m[22m
[1m[32mmain.js[39m[22m  947 bytes       [1m0[39m[22m  [1m[32m[emitted][39m[22m  main
[0] [1m./index.js[39m[22m 26 bytes {[1m[33m0[39m[22m}[1m[32m [built][39m[22m

[1m[33mWARNING in configuration
The 'mode' option has not been set, webpack will fallback to 'production' for this value. Set 'mode' option to 'development' or 'production' to enable defaults for each environment.
You can also set it to 'none' to disable any default behavior. Learn more: https://webpack.js.org/concepts/mode/[39m[22m"
`;
